
> nextjs_tailwind_shadcn_ts@0.2.0 build
> next build && cp -r .next/static .next/standalone/.next/ && cp -r public .next/standalone/

▲ Next.js 16.1.6 (Turbopack)
- Environments: .env

  Creating an optimized production build ...
✓ Compiled successfully in 29.7s
  Skipping validation of types
  Collecting page data using 3 workers ...
  Generating static pages using 3 workers (0/20) ...
  Generating static pages using 3 workers (5/20) 
  Generating static pages using 3 workers (10/20) 
  Generating static pages using 3 workers (15/20) 
node.exe : ⨯ useSearchParams() should be wrapped in a suspense 
boundary at page "/sitemanager". Read more: 
https://nextjs.org/docs/messages/missing-suspense-with-csr-bailout
At line:1 char:1
+ & "C:\Program Files\nodejs/node.exe" "C:\Program 
Files\nodejs/node_mo ...
+ ~~~~~~~~~~~~~~~~~~~~~~~~~~~~~~~~~~~~~~~~~~~~~~~~~~~~~~~~~~~~~~~~~
~~~~
    + CategoryInfo          : NotSpecified: (⨯ useSearchPara..    
.ith-csr-bailout:String) [], RemoteException
    + FullyQualifiedErrorId : NativeCommandError
 
    at Q (E:\WordPress Plugins\DKS Projects\Tanzeem.org\tanzeem--ne
xt\.next\server\chunks\ssr\_296b934b._.js:2:2111)
    at o (E:\WordPress Plugins\DKS Projects\Tanzeem.org\tanzeem--ne
xt\.next\server\chunks\ssr\_296b934b._.js:4:5284)
    at hD (E:\WordPress Plugins\DKS Projects\Tanzeem.org\tanzeem--n
ext\.next\server\chunks\ssr\_20d58ee9._.js:1:206582)
    at an (E:\WordPress Plugins\DKS Projects\Tanzeem.org\tanzeem--n
ext\node_modules\next\dist\compiled\next-server\app-page-turbo.runt
ime.prod.js:2:84360)
    at ai (E:\WordPress Plugins\DKS Projects\Tanzeem.org\tanzeem--n
ext\node_modules\next\dist\compiled\next-server\app-page-turbo.runt
ime.prod.js:2:86179)
    at al (E:\WordPress Plugins\DKS Projects\Tanzeem.org\tanzeem--n
ext\node_modules\next\dist\compiled\next-server\app-page-turbo.runt
ime.prod.js:2:107953)
    at as (E:\WordPress Plugins\DKS Projects\Tanzeem.org\tanzeem--n
ext\node_modules\next\dist\compiled\next-server\app-page-turbo.runt
ime.prod.js:2:105368)
    at aa (E:\WordPress Plugins\DKS Projects\Tanzeem.org\tanzeem--n
ext\node_modules\next\dist\compiled\next-server\app-page-turbo.runt
ime.prod.js:2:84712)
    at ai (E:\WordPress Plugins\DKS Projects\Tanzeem.org\tanzeem--n
ext\node_modules\next\dist\compiled\next-server\app-page-turbo.runt
ime.prod.js:2:86228)
    at ai (E:\WordPress Plugins\DKS Projects\Tanzeem.org\tanzeem--n
ext\node_modules\next\dist\compiled\next-server\app-page-turbo.runt
ime.prod.js:2:104708)
Error occurred prerendering page "/sitemanager". Read more: 
https://nextjs.org/docs/messages/prerender-error
Export encountered an error on /sitemanager/page: /sitemanager, 
exiting the build.
⨯ Next.js build worker exited with code: 1 and signal: null
