.next/dev/types/routes.d.ts(182,1): error TS1435: Unknown keyword or identifier. Did you mean 'out'?
.next/dev/types/routes.d.ts(183,14): error TS1109: Expression expected.
.next/dev/types/routes.d.ts(189,5): error TS1161: Unterminated regular expression literal.
.next/dev/types/routes.d.ts(210,1): error TS1128: Declaration or statement expected.
.next/dev/types/validator.ts(1052,1): error TS1434: Unexpected keyword or identifier.
.next/dev/types/validator.ts(1055,1): error TS1128: Declaration or statement expected.
